<<<<<<< HEAD
📆 2025-04-23 16:54:09 - 🔧 Configurazione git di base...
📆 2025-04-23 16:54:09 - ✅ Configurazione git completata
=======
[0;34mℹ️ [2025-04-23 14:58:14] Configurazione avanzata git...[0m
[0;31m❌ [2025-04-23 14:58:14] Errore durante configurazione: Errore impostazione ignorecase[0m
[1;33m⚠️ [2025-04-23 14:58:14] Tentativo di ripetere l'operazione (3 tentativi rimasti)[0m
[0;31m❌ [2025-04-23 14:58:14] Errore durante configurazione: Errore impostazione fileMode[0m
[1;33m⚠️ [2025-04-23 14:58:14] Tentativo di ripetere l'operazione (3 tentativi rimasti)[0m
[0;31m❌ [2025-04-23 14:58:14] Errore durante configurazione: Errore impostazione autocrlf[0m
[1;33m⚠️ [2025-04-23 14:58:14] Tentativo di ripetere l'operazione (3 tentativi rimasti)[0m
[0;31m❌ [2025-04-23 14:58:14] Errore durante configurazione: Errore impostazione eol[0m
[1;33m⚠️ [2025-04-23 14:58:14] Tentativo di ripetere l'operazione (3 tentativi rimasti)[0m
[0;31m❌ [2025-04-23 14:58:14] Errore durante configurazione: Errore impostazione symlinks[0m
[1;33m⚠️ [2025-04-23 14:58:14] Tentativo di ripetere l'operazione (3 tentativi rimasti)[0m
[0;31m❌ [2025-04-23 14:58:14] Errore durante configurazione: Errore impostazione longpaths[0m
[1;33m⚠️ [2025-04-23 14:58:14] Tentativo di ripetere l'operazione (3 tentativi rimasti)[0m
[0;31m❌ [2025-04-23 14:58:14] Errore durante configurazione: Errore impostazione pull.rebase[0m
[1;33m⚠️ [2025-04-23 14:58:14] Tentativo di ripetere l'operazione (3 tentativi rimasti)[0m
[0;31m❌ [2025-04-23 14:58:14] Errore durante configurazione: Errore impostazione fetch.prune[0m
[1;33m⚠️ [2025-04-23 14:58:14] Tentativo di ripetere l'operazione (3 tentativi rimasti)[0m
[0;32m✅ [2025-04-23 14:58:14] Configurazione git completata con successo[0m
[0;34mℹ️ [2025-04-23 14:59:06] Configurazione avanzata git...[0m
[0;31m❌ [2025-04-23 14:59:06] Errore durante configurazione: Errore impostazione ignorecase[0m
[1;33m⚠️ [2025-04-23 14:59:06] Tentativo di ripetere l'operazione (3 tentativi rimasti)[0m
[0;31m❌ [2025-04-23 14:59:06] Errore durante configurazione: Errore impostazione fileMode[0m
[1;33m⚠️ [2025-04-23 14:59:06] Tentativo di ripetere l'operazione (3 tentativi rimasti)[0m
[0;31m❌ [2025-04-23 14:59:06] Errore durante configurazione: Errore impostazione autocrlf[0m
[1;33m⚠️ [2025-04-23 14:59:06] Tentativo di ripetere l'operazione (3 tentativi rimasti)[0m
[0;31m❌ [2025-04-23 14:59:06] Errore durante configurazione: Errore impostazione eol[0m
[1;33m⚠️ [2025-04-23 14:59:06] Tentativo di ripetere l'operazione (3 tentativi rimasti)[0m
[0;31m❌ [2025-04-23 14:59:06] Errore durante configurazione: Errore impostazione symlinks[0m
[1;33m⚠️ [2025-04-23 14:59:06] Tentativo di ripetere l'operazione (3 tentativi rimasti)[0m
[0;31m❌ [2025-04-23 14:59:06] Errore durante configurazione: Errore impostazione longpaths[0m
[1;33m⚠️ [2025-04-23 14:59:06] Tentativo di ripetere l'operazione (3 tentativi rimasti)[0m
[0;31m❌ [2025-04-23 14:59:06] Errore durante configurazione: Errore impostazione pull.rebase[0m
[1;33m⚠️ [2025-04-23 14:59:06] Tentativo di ripetere l'operazione (3 tentativi rimasti)[0m
[0;31m❌ [2025-04-23 14:59:06] Errore durante configurazione: Errore impostazione fetch.prune[0m
[1;33m⚠️ [2025-04-23 14:59:06] Tentativo di ripetere l'operazione (3 tentativi rimasti)[0m
[0;32m✅ [2025-04-23 14:59:06] Configurazione git completata con successo[0m
[0;34mℹ️ [2025-04-23 15:02:05] Configurazione avanzata git...[0m
[0;32m✅ [2025-04-23 15:02:05] Configurazione git completata con successo[0m
<<<<<<< HEAD
>>>>>>> d3afd1fe (.)
=======
[0;34mℹ️ [2025-04-23 15:03:47] Configurazione avanzata git...[0m
[0;32m✅ [2025-04-23 15:03:47] Configurazione git completata con successo[0m
>>>>>>> 1dfe97f2 (.)
